// Jest Snapshot v1, https://goo.gl/fbAQLP

exports[`#download resolves with torrent file ReadStream 1`] = `"d8:announce22:http://bt.t-ru.org/ann13:announce-listll22:http://bt.t-ru.org/annel31:http://retracker.local/announceee7:comment49:http://rutracker.org/forum/viewtopic.php?t=61605810:created by13:uTorrent/161013:creation datei1200744880e8:encoding5:UTF-84:infod5:filesld6:lengthi1265e4:pathl10:readme.txteed6:lengthi179712e4:pathl12:utorrent.exeeee4:name29:uTorrent 1.6.1 with DHT patch12:piece lengthi65536e6:pieces60:ÔøΩÔøΩ-\\\\ÿ¶ÔøΩÔøΩCÔøΩÔøΩ⁄öÔøΩZm\`ÔøΩÔøΩ2gÔøΩ(q\\\\ÔøΩFÔøΩaÔøΩdÔøΩÔøΩÔøΩÔøΩÔøΩ ’∏ÔøΩÔøΩ÷™pÔøΩTÔøΩÔøΩs]ÔøΩ[J>he9:publisher13:rutracker.org13:publisher-url49:http://rutracker.org/forum/viewtopic.php?t=616058e"`;

exports[`#search resolves with search results 1`] = `
Array [
  Torrent {
    "author": "t–µko",
    "category": "–ê—Ä—Ç-—Ö–∞—É—Å –∏ –∞–≤—Ç–æ—Ä—Å–∫–æ–µ –∫–∏–Ω–æ",
    "downloads": 925,
    "host": "http://rutracker.org",
    "id": "4261022",
    "leeches": 0,
    "registered": 2019-10-20T12:35:54.000Z,
    "seeds": 7,
    "size": 2330630174,
    "state": "–ø—Ä–æ–≤–µ—Ä–µ–Ω–æ",
    "title": "–î–Ω–µ–≤–Ω–∏–∫ —Å–µ–ª—å—Å–∫–æ–≥–æ —Å–≤—è—â–µ–Ω–Ω–∏–∫–∞ / Journal d'un cure de campagne / Diary of a Country Priest (–†–æ–±–µ—Ä –ë—Ä–µ—Å—Å–æ–Ω / Robert Bresson) [1951, –§—Ä–∞–Ω—Ü–∏—è, –¥—Ä–∞–º–∞, BDRip] MVO (–°–í-–î—É–±–ª—å) + AVO (–Ø–Ω–∫–µ–ª–µ–≤–∏—á) + Sub Rus, eng + Original Fra",
  },
  Torrent {
    "author": "sovsem-neduhoven",
    "category": "–ê—Ä—Ç-—Ö–∞—É—Å –∏ –∞–≤—Ç–æ—Ä—Å–∫–æ–µ –∫–∏–Ω–æ (HD Video)",
    "downloads": 1065,
    "host": "http://rutracker.org",
    "id": "5777858",
    "leeches": 0,
    "registered": 2019-09-17T18:47:12.000Z,
    "seeds": 3,
    "size": 35353723196,
    "state": "–ø—Ä–æ–≤–µ—Ä–µ–Ω–æ",
    "title": "–î–Ω–µ–≤–Ω–∏–∫ —Å–µ–ª—å—Å–∫–æ–≥–æ —Å–≤—è—â–µ–Ω–Ω–∏–∫–∞ / Journal d'un cure de campagne (–†–æ–±–µ—Ä –ë—Ä–µ—Å—Å–æ–Ω / Robert Bresson) [1951, –§—Ä–∞–Ω—Ü–∏—è, –¥—Ä–∞–º–∞, BDRemux 1080p] [JPN Transfer] MVO (–°–í-–î—É–±–ª—å) + AVO (–Ø–Ω–∫–µ–ª–µ–≤–∏—á) + VO (–í–æ—Ä–æ—Ç–∏–ª–∏–Ω) + Sub (Rus, Eng) + Original (Fra)",
  },
  Torrent {
    "author": "sovsem-neduhoven",
    "category": "–ê—Ä—Ç-—Ö–∞—É—Å –∏ –∞–≤—Ç–æ—Ä—Å–∫–æ–µ –∫–∏–Ω–æ (HD Video)",
    "downloads": 992,
    "host": "http://rutracker.org",
    "id": "5777917",
    "leeches": 1,
    "registered": 2019-09-16T20:47:31.000Z,
    "seeds": 2,
    "size": 17640581979,
    "state": "–ø—Ä–æ–≤–µ—Ä–µ–Ω–æ",
    "title": "–î–Ω–µ–≤–Ω–∏–∫ —Å–µ–ª—å—Å–∫–æ–≥–æ —Å–≤—è—â–µ–Ω–Ω–∏–∫–∞ / Journal d'un cure de campagne (–†–æ–±–µ—Ä –ë—Ä–µ—Å—Å–æ–Ω / Robert Bresson) [1951, –§—Ä–∞–Ω—Ü–∏—è, –¥—Ä–∞–º–∞, BDRip 1080p] MVO (–°–í-–î—É–±–ª—å) + AVO (–Ø–Ω–∫–µ–ª–µ–≤–∏—á) + VO (–í–æ—Ä–æ—Ç–∏–ª–∏–Ω) + Sub (Rus, Eng) + Original (Fra)",
  },
  Torrent {
    "author": "sovsem-neduhoven",
    "category": "–ê—Ä—Ç-—Ö–∞—É—Å –∏ –∞–≤—Ç–æ—Ä—Å–∫–æ–µ –∫–∏–Ω–æ (HD Video)",
    "downloads": 1025,
    "host": "http://rutracker.org",
    "id": "5777932",
    "leeches": 2,
    "registered": 2019-09-16T20:10:13.000Z,
    "seeds": 1,
    "size": 10757923607,
    "state": "–ø—Ä–æ–≤–µ—Ä–µ–Ω–æ",
    "title": "–î–Ω–µ–≤–Ω–∏–∫ —Å–µ–ª—å—Å–∫–æ–≥–æ —Å–≤—è—â–µ–Ω–Ω–∏–∫–∞ / Journal d'un cure de campagne (–†–æ–±–µ—Ä –ë—Ä–µ—Å—Å–æ–Ω / Robert Bresson) [1951, –§—Ä–∞–Ω—Ü–∏—è, –¥—Ä–∞–º–∞, BDRip 720p] MVO (–°–í-–î—É–±–ª—å) + AVO (–Ø–Ω–∫–µ–ª–µ–≤–∏—á) + VO (–í–æ—Ä–æ—Ç–∏–ª–∏–Ω) + Sub (Rus, Eng) + Original (Fra)",
  },
  Torrent {
    "author": "miha2154",
    "category": "–ê—Ä—Ç-—Ö–∞—É—Å –∏ –∞–≤—Ç–æ—Ä—Å–∫–æ–µ –∫–∏–Ω–æ",
    "downloads": 336,
    "host": "http://rutracker.org",
    "id": "5758509",
    "leeches": 0,
    "registered": 2019-07-23T14:20:14.000Z,
    "seeds": 9,
    "size": 1560662016,
    "state": "–ø—Ä–æ–≤–µ—Ä–µ–Ω–æ",
    "title": "–î–Ω–µ–≤–Ω–∏–∫ —Å–µ–ª—å—Å–∫–æ–≥–æ —Å–≤—è—â–µ–Ω–Ω–∏–∫–∞ / Journal d'un cure de campagne (–†–æ–±–µ—Ä –ë—Ä–µ—Å—Å–æ–Ω / Robert Bresson) [1951, –§—Ä–∞–Ω—Ü–∏—è, –¥—Ä–∞–º–∞, DVDRip] MVO (—Å—Ç—É–¥–∏—è \\"–°–í-–î—É–±–ª—å\\") + Original Fra",
  },
  Torrent {
    "author": "sendoka",
    "category": "[–ê—É–¥–∏–æ] –ó–∞—Ä—É–±–µ–∂–Ω–∞—è –ª–∏—Ç–µ—Ä–∞—Ç—É—Ä–∞",
    "downloads": 1212,
    "host": "http://rutracker.org",
    "id": "4386165",
    "leeches": 0,
    "registered": 2013-03-21T14:50:14.000Z,
    "seeds": 5,
    "size": 405442769,
    "state": "–ø—Ä–æ–≤–µ—Ä–µ–Ω–æ",
    "title": "–ë–µ—Ä–Ω–∞–Ω–æ—Å –ñ–æ—Ä–∂ - –î–Ω–µ–≤–Ω–∏–∫ —Å–µ–ª—å—Å–∫–æ–≥–æ —Å–≤—è—â–µ–Ω–Ω–∏–∫–∞ [–ê–ª–µ–∫—Å–µ–π –†–æ—Å—Å–æ—à–∞–Ω—Å–∫–∏–π, 2013, MP3, 64-192 kbps]",
  },
  Torrent {
    "author": "bm11",
    "category": "–ê—Ä—Ç-—Ö–∞—É—Å –∏ –∞–≤—Ç–æ—Ä—Å–∫–æ–µ –∫–∏–Ω–æ",
    "downloads": 2175,
    "host": "http://rutracker.org",
    "id": "3460051",
    "leeches": 0,
    "registered": 2011-03-05T05:24:40.000Z,
    "seeds": 2,
    "size": 781086720,
    "state": "–ø—Ä–æ–≤–µ—Ä–µ–Ω–æ",
    "title": "–î–Ω–µ–≤–Ω–∏–∫ —Å–µ–ª—å—Å–∫–æ–≥–æ —Å–≤—è—â–µ–Ω–Ω–∏–∫–∞ / Diary of a Country Priest (–†–æ–±–µ—Ä –ë—Ä–µ—Å—Å–æ–Ω / Robert Bresson) [1951, –§—Ä–∞–Ω—Ü–∏—è, –¥—Ä–∞–º–∞, DVDRip] VO",
  },
  Torrent {
    "author": "Ariobarzan",
    "category": "–ê—Ä—Ç-—Ö–∞—É—Å –∏ –∞–≤—Ç–æ—Ä—Å–∫–æ–µ –∫–∏–Ω–æ",
    "downloads": 1550,
    "host": "http://rutracker.org",
    "id": "3318320",
    "leeches": 0,
    "registered": 2010-12-18T13:01:08.000Z,
    "seeds": 2,
    "size": 733567810,
    "state": "–ø—Ä–æ–≤–µ—Ä–µ–Ω–æ",
    "title": "–î–Ω–µ–≤–Ω–∏–∫ —Å–µ–ª—å—Å–∫–æ–≥–æ —Å–≤—è—â–µ–Ω–Ω–∏–∫–∞ / Journal d‚Äôun cur√© de campagne / Diary of a Country Priest (–†–æ–±–µ—Ä –ë—Ä–µ—Å—Å–æ–Ω / Robert Bresson) [1951, –§—Ä–∞–Ω—Ü–∏—è, –î—Ä–∞–º–∞, DVDRip-AVC] Original + Sub (Rus, Eng)",
  },
  Torrent {
    "author": "anf1980",
    "category": "–ê—Ä—Ç-—Ö–∞—É—Å –∏ –∞–≤—Ç–æ—Ä—Å–∫–æ–µ –∫–∏–Ω–æ",
    "downloads": 6535,
    "host": "http://rutracker.org",
    "id": "2960032",
    "leeches": 0,
    "registered": 2010-05-15T16:00:28.000Z,
    "seeds": 5,
    "size": 1591973410,
    "state": "–ø—Ä–æ–≤–µ—Ä–µ–Ω–æ",
    "title": "–î–Ω–µ–≤–Ω–∏–∫ —Å–µ–ª—å—Å–∫–æ–≥–æ —Å–≤—è—â–µ–Ω–Ω–∏–∫–∞ / Journal d'un cur√© de campagne (–†–æ–±–µ—Ä –ë—Ä–µ—Å—Å–æ–Ω / Robert Bresson) [1951, –§—Ä–∞–Ω—Ü–∏—è, –î—Ä–∞–º–∞, DVDRip-AVC] VO + original + sub",
  },
  Torrent {
    "author": "Jinnkeit",
    "category": "–ê—Ä—Ç-—Ö–∞—É—Å –∏ –∞–≤—Ç–æ—Ä—Å–∫–æ–µ –∫–∏–Ω–æ (DVD Video)",
    "downloads": 4189,
    "host": "http://rutracker.org",
    "id": "958405",
    "leeches": 2,
    "registered": 2008-06-24T17:58:34.000Z,
    "seeds": 2,
    "size": 7315365888,
    "state": "–ø—Ä–æ–≤–µ—Ä–µ–Ω–æ",
    "title": "–î–Ω–µ–≤–Ω–∏–∫ —Å–µ–ª—å—Å–∫–æ–≥–æ —Å–≤—è—â–µ–Ω–Ω–∏–∫–∞ / Journal d'un cure de campagne / Diary of a Country Priest (–†–æ–±–µ—Ä –ë—Ä–µ—Å—Å–æ–Ω / Robert Bresson) [1951, –§—Ä–∞–Ω—Ü–∏—è, –¥—Ä–∞–º–∞, DVD9 (custom)] VO + original + sub, R1 Criterion",
  },
]
`;

exports[`#search respects order param 1`] = `
Array [
  Object {
    "id": "4386165",
    "size": 405442769,
  },
  Object {
    "id": "3318320",
    "size": 733567810,
  },
  Object {
    "id": "3460051",
    "size": 781086720,
  },
  Object {
    "id": "5758509",
    "size": 1560662016,
  },
  Object {
    "id": "2960032",
    "size": 1591973410,
  },
  Object {
    "id": "4261022",
    "size": 2330630174,
  },
  Object {
    "id": "958405",
    "size": 7315365888,
  },
  Object {
    "id": "5777932",
    "size": 10757923607,
  },
  Object {
    "id": "5777917",
    "size": 17640581979,
  },
  Object {
    "id": "5777858",
    "size": 35353723196,
  },
]
`;

exports[`#search respects sort param 1`] = `
Array [
  Object {
    "id": "5777858",
    "size": 35353723196,
  },
  Object {
    "id": "5777917",
    "size": 17640581979,
  },
  Object {
    "id": "5777932",
    "size": 10757923607,
  },
  Object {
    "id": "958405",
    "size": 7315365888,
  },
  Object {
    "id": "4261022",
    "size": 2330630174,
  },
  Object {
    "id": "2960032",
    "size": 1591973410,
  },
  Object {
    "id": "5758509",
    "size": 1560662016,
  },
  Object {
    "id": "3460051",
    "size": 781086720,
  },
  Object {
    "id": "3318320",
    "size": 733567810,
  },
  Object {
    "id": "4386165",
    "size": 405442769,
  },
]
`;
